// Jest Snapshot v1, https://goo.gl/fbAQLP

exports[`<Card /> should render the card styles correct 1`] = `
.c8 {
  display: inline-block;
  vertical-align: middle;
  overflow: hidden;
}

.c7 {
  width: 2.4rem;
  height: 2.4rem;
  color: #E62429;
  -webkit-flex-shrink: 0;
  -ms-flex-negative: 0;
  flex-shrink: 0;
  border: 0;
  background: none;
  cursor: pointer;
}

.c7 * {
  cursor: pointer;
}

.c0 {
  width: 100%;
  height: 26rem;
  background-color: #FFF;
  display: grid;
  place-items: center;
  overflow: hidden;
  position: relative;
  border-radius: 0.8rem;
  border: 1px solid #FFF;
}

.c0 * {
  cursor: pointer;
  -webkit-transition: 0.3s;
  transition: 0.3s;
  will-change: transform opacity;
}

.c0:hover {
  box-shadow: 8px 8px 16px rgba(0,0,0,0.5);
}

.c0:hover .c1 {
  opacity: 1;
}

.c0:hover .c3 {
  -webkit-transform: translateX(0%);
  -ms-transform: translateX(0%);
  transform: translateX(0%);
}

.c0:hover .c5 {
  opacity: 1;
  -webkit-transform: translateX(0%);
  -ms-transform: translateX(0%);
  transform: translateX(0%);
}

.c0:hover img {
  -webkit-transform: scale(1.1);
  -ms-transform: scale(1.1);
  transform: scale(1.1);
}

.c2 {
  width: 100%;
  height: 30%;
  position: absolute;
  opacity: 0;
  bottom: 0;
  display: -webkit-box;
  display: -webkit-flex;
  display: -ms-flexbox;
  display: flex;
  -webkit-align-items: end;
  -webkit-box-align: end;
  -ms-flex-align: end;
  align-items: end;
  -webkit-box-pack: justify;
  -webkit-justify-content: space-between;
  -ms-flex-pack: justify;
  justify-content: space-between;
  padding: 1.2rem 1.2rem;
  background: linear-gradient( 180deg,transparent 0%,rgba(0,0,0,0.4) 30%,rgba(0,0,0,0.8) 69%,#000 100% );
}

.c4 {
  position: relative;
  font-size: 1.6rem;
  color: #FFF;
  font-weight: 700;
  -webkit-transform: translateX(-20%);
  -ms-transform: translateX(-20%);
  transform: translateX(-20%);
}

.c6 {
  margin-left: 1.2rem;
  -webkit-flex-shrink: 0;
  -ms-flex-negative: 0;
  flex-shrink: 0;
  opacity: 0;
  z-index: 10;
  -webkit-transform: translateX(-40%);
  -ms-transform: translateX(-40%);
  transform: translateX(-40%);
}

<div
  class="c0"
  role="link"
>
  <div />
  <img
    alt="C-3PO"
    layout="fill"
    src="https://raw.githubusercontent.com/tbone849/star-wars-guide/master/build/assets/img/characters/2.jpg"
    style="position: absolute; inset: 0px; box-sizing: border-box; padding: 0px; margin: auto; display: block; width: 0px; height: 0px; min-width: 100%; max-width: 100%; min-height: 100%; max-height: 100%; object-fit: cover;"
  />
  <div
    class="c1 c2"
  >
    <h3
      class="c3 c4"
    >
      C-3PO
    </h3>
    <div
      class="c5 c6"
    >
      <button
        class="c7"
      >
        <svg
          aria-hidden="true"
          aria-label="Add to favorites"
          class="c8"
          fill="currentColor"
          focusable="false"
          viewBox="0 0 24 24"
          xmlns="http://www.w3.org/2000/svg"
        >
          <path
            d="M0 0h24v24H0z"
            fill="none"
          />
          <path
            d="M16.5 3c-1.74 0-3.41.81-4.5 2.09C10.91 3.81 9.24 3 7.5 3 4.42 3 2 5.42 2 8.5c0 3.78 3.4 6.86 8.55 11.54L12 21.35l1.45-1.32C18.6 15.36 22 12.28 22 8.5 22 5.42 19.58 3 16.5 3zm-4.4 15.55l-.1.1-.1-.1C7.14 14.24 4 11.39 4 8.5 4 6.5 5.5 5 7.5 5c1.54 0 3.04.99 3.57 2.36h1.87C13.46 5.99 14.96 5 16.5 5c2 0 3.5 1.5 3.5 3.5 0 2.89-3.14 5.74-7.9 10.05z"
          />
        </svg>
      </button>
    </div>
  </div>
</div>
`;
