// Jest Snapshot v1, https://goo.gl/fbAQLP

exports[`<EntityDetails /> should render the entity details styles correct 1`] = `
.c4 {
  display: inline-block;
  vertical-align: middle;
  overflow: hidden;
}

.c3 {
  width: 2.4rem;
  height: 2.4rem;
  color: #E62429;
  -webkit-flex-shrink: 0;
  -ms-flex-negative: 0;
  flex-shrink: 0;
  border: 0;
  background: none;
  cursor: pointer;
}

.c3 * {
  cursor: pointer;
}

.c0 {
  margin-top: 4.0rem;
  gap: 2.4rem;
  display: -webkit-box;
  display: -webkit-flex;
  display: -ms-flexbox;
  display: flex;
  -webkit-flex-direction: column;
  -ms-flex-direction: column;
  flex-direction: column;
  width: 100%;
}

.c1 {
  position: relative;
  width: min(100%,30rem);
  aspect-ratio: 0.65;
  border-radius: 0.8rem;
  background: #FFF;
  overflow: hidden;
  -webkit-align-self: center;
  -ms-flex-item-align: center;
  align-self: center;
  -webkit-flex-shrink: 0;
  -ms-flex-negative: 0;
  flex-shrink: 0;
  border: 1px solid #FFF;
}

.c2 {
  position: absolute;
  bottom: 1.6rem;
  left: 50%;
  -webkit-transform: translateX(-50%);
  -ms-transform: translateX(-50%);
  transform: translateX(-50%);
}

.c5 {
  display: -webkit-box;
  display: -webkit-flex;
  display: -ms-flexbox;
  display: flex;
  -webkit-flex-direction: column;
  -ms-flex-direction: column;
  flex-direction: column;
  gap: 0.8rem;
}

.c6 {
  display: -webkit-box;
  display: -webkit-flex;
  display: -ms-flexbox;
  display: flex;
  gap: 0.8rem;
  font-size: 1.6rem;
}

.c7 {
  text-transform: capitalize;
  -webkit-flex-shrink: 0;
  -ms-flex-negative: 0;
  flex-shrink: 0;
}

@media (min-width:768px) {
  .c0 {
    -webkit-flex-direction: row;
    -ms-flex-direction: row;
    flex-direction: row;
  }
}

@media (min-width:768px) {
  .c1 {
    -webkit-align-self: unset;
    -ms-flex-item-align: unset;
    align-self: unset;
    width: 20rem;
  }
}

<div
  class="c0"
>
  <div
    class="c1"
  >
    <img
      alt="label"
      layout="fill"
      src="https://raw.githubusercontent.com/tbone849/star-wars-guide/master/build/assets/img/characters/2.jpg"
      style="position: absolute; inset: 0px; box-sizing: border-box; padding: 0px; margin: auto; display: block; width: 0px; height: 0px; min-width: 100%; max-width: 100%; min-height: 100%; max-height: 100%; object-fit: cover;"
    />
    <div
      class="c2"
    >
      <button
        class="c3"
      >
        <svg
          aria-hidden="true"
          aria-label="Add to favorites"
          class="c4"
          fill="currentColor"
          focusable="false"
          viewBox="0 0 24 24"
          xmlns="http://www.w3.org/2000/svg"
        >
          <path
            d="M0 0h24v24H0z"
            fill="none"
          />
          <path
            d="M16.5 3c-1.74 0-3.41.81-4.5 2.09C10.91 3.81 9.24 3 7.5 3 4.42 3 2 5.42 2 8.5c0 3.78 3.4 6.86 8.55 11.54L12 21.35l1.45-1.32C18.6 15.36 22 12.28 22 8.5 22 5.42 19.58 3 16.5 3zm-4.4 15.55l-.1.1-.1-.1C7.14 14.24 4 11.39 4 8.5 4 6.5 5.5 5 7.5 5c1.54 0 3.04.99 3.57 2.36h1.87C13.46 5.99 14.96 5 16.5 5c2 0 3.5 1.5 3.5 3.5 0 2.89-3.14 5.74-7.9 10.05z"
          />
        </svg>
      </button>
    </div>
  </div>
  <div
    class="c5"
  >
    <div
      class="c6"
    >
      <strong
        class="c7"
      >
        key
        :
      </strong>
      <span
        class=""
      >
        value
      </span>
    </div>
    <div
      class="c6"
    >
      <strong
        class="c7"
      >
        other
        :
      </strong>
      <span
        class=""
      >
        foo
      </span>
    </div>
    <div
      class="c6"
    >
      <strong
        class="c7"
      >
        bar
        :
      </strong>
      <span
        class=""
      >
        bla
      </span>
    </div>
    <div
      class="c6"
    >
      <strong
        class="c7"
      >
        foo
        :
      </strong>
      <span
        class=""
      >
        here
      </span>
    </div>
  </div>
</div>
`;
